0	-0.922916
0	-0.910776
0	-0.912440
0	-0.914211
0	-0.903670
0	-0.908293
0	-0.923447
0	-0.942097
0	-0.961641
0	-0.976953
0	-0.986861
0	-0.994863
0	-1.010999
0	-1.026988
0	-1.058860
0	-1.112480
0	-1.119009
0	-1.120376
0	-1.120673
0	-1.117869
0	-1.124604
0	-1.117198
0	-1.112823
0	-1.108462
0	-1.106365
0	-1.107331
0	-1.113419
0	-1.112044
0	-1.103658
0	-1.100457
0	-1.099459
0	-1.094664
0	-1.099654
0	-1.109681
0	-1.116538
0	-1.120320
0	-1.117435
0	-1.123935
0	-1.126462
0	-1.127588
0	-1.126542
0	-1.123542
0	-1.122711
0	-1.120736
0	-1.129088
0	-1.122193
0	-1.117062
0	-1.115094
0	-1.118098
0	-1.118029
0	-1.101135
0	-1.100670
0	-1.101029
0	-1.103345
0	-1.098555
0	-1.097678
0	-1.090522
0	-1.088671
0	-1.086576
0	-1.091818
0	-1.091517
0	-1.088532
0	-1.086494
0	-1.089462
0	-1.089413
0	-1.087127
0	-1.080768
0	-1.081488
0	-1.083639
0	-1.079481
0	-1.078290
0	-1.072883
0	-1.073676
0	-1.069288
0	-1.063934
0	-1.066797
0	-1.072036
0	-1.070043
0	-1.070831
0	-1.076138
0	-1.074631
0	-1.071998
0	-1.070697
0	-1.077512
0	-1.074195
0	-1.072693
0	-1.074777
0	-1.072365
0	-1.071638
0	-1.072140
0	-1.073145
0	-1.070930
0	-1.074947
0	-1.072179
0	-1.073840
0	-1.063700
0	-1.062372
0	-1.059658
0	-1.058147
0	-1.054906
0	-1.050386
0	-1.047277
0	-1.047850
0	-1.045763
0	-1.045770
0	-1.050069
0	-1.056176
0	-1.056857
0	-1.054639
0	-1.046250
0	-1.047874
0	-1.052981
0	-1.049813
0	-1.045732
0	-1.041860
0	-1.039962
0	-1.042093
0	-1.044135
0	-1.037990
0	-1.032282
0	-1.035778
0	-1.035538
0	-1.032096
0	-1.033365
0	-1.031251
0	-1.028557
0	-1.025159
0	-1.023109
0	-1.016663
0	-1.008253
0	-1.007433
0	-1.012308
0	-1.030015
0	-1.065198
0	-1.122452
0	-1.163884
0	-1.156654
0	-1.014201
0	-0.953257
0	-0.882192
96	-0.906303
96	-0.927478
96	-0.946071
96	-0.915751
96	-0.754642
96	-0.010810
96	0.659452
92	1.157938
92	1.209837
92	0.813985
92	0.436454
92	-0.098682
84	0.015066
84	-0.049533
84	-0.102326
84	-0.281096
84	-0.330234
84	-0.391126
80	-0.547811
80	-0.718882
80	-0.925662
80	-1.132477
80	-1.117558
80	-0.661564
80	-0.075735
176	0.277206
176	0.425542
176	-0.100499
176	-0.367942
176	-0.409482
172	-0.191450
172	-0.018921
172	0.019443
172	-0.216135
172	-0.334437
172	-0.357528
172	-0.246648
168	-0.156611
168	-0.030175
168	-0.031741
168	-0.056382
168	-0.083054
168	-0.097607
164	-0.099202
164	-0.106780
164	-0.139880
164	-0.199761
164	-0.227632
164	-0.225399
160	-0.207695
160	-0.195624
160	-0.189333
160	-0.224484
160	-0.245332
160	-0.261577
160	-0.273883
156	-0.285642
156	-0.298286
156	-0.332816
156	-0.399488
156	-0.454226
156	-0.472065
152	-0.462112
152	-0.461879
148	-0.611491
148	-0.608347
148	-0.613938
148	-0.629071
144	-0.643047
144	-0.662187
144	-0.734090
144	-0.781133
144	-0.809533
140	-0.829007
140	-0.844247
140	-0.877309
140	-0.908927
140	-0.931559
140	-0.953104
136	-0.968484
136	-0.988149
136	-1.018765
136	-1.047011
136	-1.069723
136	-1.087797
136	-1.116212
132	-1.135190
132	-1.271234
132	-1.321201
132	-1.416163
132	-1.478824
128	-1.635360
128	-1.692389
128	-1.940037
128	-2.111493
128	-2.284369
224	-2.320249
224	-2.208376
224	-1.576664
224	-1.041861
224	-0.825155
224	-0.792080
220	-0.859980
220	-0.955759
220	-1.142539
220	-1.423177
220	-1.687557
216	-1.936580
216	-2.145563
216	-2.142509
216	-2.014176
216	-2.011855
212	-2.179062
212	-1.939564
212	-1.609140
304	-1.778847
304	-1.782901
304	-1.769751
304	-1.762543
300	-1.732958
300	-1.712007
300	-1.667064
300	-1.623301
300	-1.596880
300	-1.576805
296	-1.550849
296	-1.535424
296	-1.513750
296	-1.469280
296	-1.430754
296	-1.412710
296	-1.393963
292	-1.375585
292	-1.371808
292	-1.363281
292	-1.352181
292	-1.344995
292	-1.335217
288	-1.327826
288	-1.325068
288	-1.325741
288	-1.329564
288	-1.332221
288	-1.335780
284	-1.337015
284	-1.339014
284	-1.334128
284	-1.317944
284	-1.310043
284	-1.301545
284	-1.295011
276	-1.275887
276	-1.267339
276	-1.255004
276	-1.251872
276	-1.243737
272	-1.228734
272	-1.221396
272	-1.210126
272	-1.207837
272	-1.206475
268	-1.194313
268	-1.179126
268	-1.174026
268	-1.174693
268	-1.168272
260	-1.139960
260	-1.133499
260	-1.129190
260	-1.129117
256	-1.127606
256	-1.122127
256	-1.112061
256	-1.107190
256	-1.105543
256	-1.100049
256	-1.098016
252	-1.093205
252	-1.089709
252	-1.076797
252	-1.067483
252	-1.046458
252	-1.030769
248	-1.022305
248	-1.014251
248	-0.990240
248	-0.952545
248	-0.930147
248	-0.891115
244	-0.865958
244	-0.850101
244	-0.833219
244	-0.832492
244	-0.834353
244	-0.839174
240	-0.838129
240	-0.837375
240	-0.848066
240	-0.847966
240	-0.847375
240	-0.852835
236	-0.859888
236	-0.870971
236	-0.882770
236	-0.887539
236	-0.886888
236	-0.883261
236	-0.886519
232	-0.887487
232	-0.886069
232	-0.886170
232	-0.890227
232	-0.888916
232	-0.891115
228	-0.898313
228	-0.899508
228	-0.905101
220	-0.929593
220	-0.924946
220	-0.919206
220	-0.916194
220	-0.921903
216	-0.918617
216	-0.915935
216	-0.911380
216	-0.904083
216	-0.899197
216	-0.894838
212	-0.895965
212	-0.888744
212	-0.883730
212	-0.885578
212	-0.888379
212	-0.883424
212	-0.878306
208	-0.871687
208	-0.860924
208	-0.832553
208	-0.804386
208	-0.775763
208	-0.749111
204	-0.708673
204	-0.694105
204	-0.678938
204	-0.631933
200	-0.621835
200	-0.614351
200	-0.620396
200	-0.628103
200	-0.634151
200	-0.632318
196	-0.630988
196	-0.636343
196	-0.646249
196	-0.657943
196	-0.673595
196	-0.687432
196	-0.721676
192	-0.780587
192	-0.805469
192	-0.835049
192	-0.845279
192	-0.869270
188	-0.892657
188	-0.922337
188	-0.944087
188	-0.974847
188	-0.995585
184	-1.002438
180	-1.007041
180	-1.013359
180	-1.012290
180	-1.017264
180	-1.027022
180	-1.033062
176	-1.044909
176	-1.046309
176	-1.047247
176	-1.046526
176	-1.047826
176	-1.049701
172	-1.049601
172	-1.055718
172	-1.058292
172	-1.058320
172	-1.059558
168	-1.062070
168	-1.063842
168	-1.067118
168	-1.069065
168	-1.070950
168	-1.074640
168	-1.070022
164	-1.064324
164	-1.061590
164	-1.061507
164	-1.059835
164	-1.063064
164	-1.063459
160	-1.062736
160	-1.064154
160	-1.064106
160	-1.058817
160	-1.056067
160	-1.053868
160	-1.054395
156	-1.057738
156	-1.059016
156	-1.058319
156	-1.060722
156	-1.059812
148	-1.063688
148	-1.054781
148	-1.050836
148	-1.051241
148	-1.052014
148	-1.047703
144	-1.048356
144	-1.049669
144	-1.049145
140	-1.044084
140	-1.047036
136	-1.046027
136	-1.038666
136	-1.035532
136	-1.037836
136	-1.043898
136	-1.052524
136	-1.100039
132	-1.113731
132	-1.075358
132	-1.047262
132	-1.072641
132	-1.097136
132	-1.152035
228	-1.156938
228	-1.064826
228	-0.931198
228	-0.671077
228	-0.472598
224	-0.402827
224	-0.400482
224	-0.437617
224	-0.510543
224	-0.579817
224	-0.654149
224	-0.815364
220	-0.906391
220	-0.969902
220	-0.988282
220	-0.975109
220	-0.954016
220	-0.912699
216	-0.909821
216	-0.911257
216	-0.907066
216	-0.900806
216	-0.875041
212	-0.839198
212	-0.820831
212	-0.817235
212	-0.826415
212	-0.841150
212	-0.854759
212	-0.871037
208	-0.877072
208	-0.891276
208	-0.898301
208	-0.902949
208	-0.903821
208	-0.933626
200	-0.928971
200	-0.933272
200	-0.937181
200	-0.937222
200	-0.927362
196	-0.925710
196	-0.924337
196	-0.928398
196	-0.926140
196	-0.918023
196	-0.915122
192	-0.910453
192	-0.911487
192	-0.912161
192	-0.909766
192	-0.905451
192	-0.906376
192	-0.909065
188	-0.908092
188	-0.907550
188	-0.906148
188	-0.904159
188	-0.903842
188	-0.912153
184	-0.914204
184	-0.908547
184	-0.905008
184	-0.906533
184	-0.911253
184	-0.905406
180	-0.897013
180	-0.898520
180	-0.902310
180	-0.903076
180	-0.909108
180	-0.908282
180	-0.906206
176	-0.903351
176	-0.900149
176	-0.895815
176	-0.896065
176	-0.900073
172	-0.905563
172	-0.904821
172	-0.902902
172	-0.903667
172	-0.904282
172	-0.902317
172	-0.902977
168	-0.901527
168	-0.899055
164	-0.900024
164	-0.903798
164	-0.906609
160	-0.906036
160	-0.917386
160	-0.922742
160	-0.927816
160	-0.931776
160	-0.941343
156	-0.939973
156	-0.942294
156	-0.947041
156	-0.950513
156	-0.951571
156	-0.952767
156	-0.952265
152	-0.952224
152	-0.953165
152	-0.956413
152	-0.961456
152	-0.960297
152	-0.959567
148	-0.959384
148	-0.959479
148	-0.955060
148	-0.955083
148	-0.957001
148	-0.960110
144	-0.957823
144	-0.958996
144	-0.961056
144	-0.957957
144	-0.957987
144	-0.963584
144	-0.966527
140	-0.960005
140	-0.958744
140	-0.965142
140	-0.974503
140	-0.973270
140	-0.971382
136	-0.975608
136	-0.978930
136	-0.974692
136	-0.968700
136	-0.969764
136	-0.978971
136	-0.985247
132	-0.996794
132	-1.027426
132	-1.045575
128	-1.037783
128	-0.927519
128	-0.852693
224	-0.834815
224	-0.845839
224	-0.859136
224	-0.863108
224	-0.917899
224	-1.046976
220	-1.092708
220	-1.127024
220	-1.184551
220	-1.219450
220	-1.227560
220	-1.239241
316	-1.243276
316	-1.241475
316	-1.237820
316	-1.234164
316	-1.237454
316	-1.233194
316	-1.211997
316	-1.198626
308	-1.195761
308	-1.194894
308	-1.199227
308	-1.210729
308	-1.220902
308	-1.235046
308	-1.230205
304	-1.217195
304	-1.209167
304	-1.203885
304	-1.200741
304	-1.195217
304	-1.190572
304	-1.185040
300	-1.184274
300	-1.189054
300	-1.187830
300	-1.178241
300	-1.159099
300	-1.148637
296	-1.145861
296	-1.147637
296	-1.152719
296	-1.154541
296	-1.154552
296	-1.154575
292	-1.154478
292	-1.151206
288	-1.143691
288	-1.141315
284	-1.138511
284	-1.136046
284	-1.133834
284	-1.130772
284	-1.129113
284	-1.124991
284	-1.117433
280	-1.116098
280	-1.114746
280	-1.117909
280	-1.117800
280	-1.113841
280	-1.110152
280	-1.104639
276	-1.097453
276	-1.095628
276	-1.093377
276	-1.091066
276	-1.092155
276	-1.096580
276	-1.101178
272	-1.099243
272	-1.098333
272	-1.097006
272	-1.095410
272	-1.092040
272	-1.090205
272	-1.086806
268	-1.081345
268	-1.077311
268	-1.065982
268	-1.063822
268	-1.063237
268	-1.058922
264	-1.052569
264	-1.052603
264	-1.049724
264	-1.037329
264	-1.031049
264	-1.027172
264	-1.022650
260	-1.017489
260	-1.018849
260	-1.019939
260	-1.019459
260	-1.016979
260	-1.014346
260	-1.010686
256	-1.004945
256	-1.005467
252	-0.984247
252	-0.984544
252	-0.984877
248	-0.984012
248	-0.982275
248	-0.979177
248	-0.980332
248	-0.981632
248	-0.978553
248	-0.978427
244	-0.981562
244	-0.972221
244	-0.974361
244	-0.971271
240	-0.970902
240	-0.973785
240	-0.980673
240	-0.983740
240	-0.978867
240	-0.979595
240	-0.981621
240	-0.985322
240	-0.985687
236	-0.987273
236	-0.982032
236	-0.977383
236	-0.974279
236	-0.976826
236	-0.979280
236	-0.974598
236	-0.966226
228	-0.962342
228	-0.962140
228	-0.964857
228	-0.965674
228	-0.960222
228	-0.955292
228	-0.953426
224	-0.957707
224	-0.961123
224	-0.967267
224	-0.965412
224	-0.959300
224	-0.956154
224	-0.958181
220	-0.966777
220	-0.971451
220	-0.969911
220	-0.966387
220	-0.969159
220	-0.973544
212	-0.962457
212	-0.961947
212	-0.958032
212	-0.956480
212	-0.958549
212	-0.959975
208	-0.962224
208	-0.961783
208	-0.955992
208	-0.950899
208	-0.950270
208	-0.953481
204	-0.955493
204	-0.955715
204	-0.953838
204	-0.954584
204	-0.957239
204	-0.957866
204	-0.957139
200	-0.955032
200	-0.956203
200	-0.958504
200	-0.962144
200	-0.960444
196	-0.959227
196	-0.956646
196	-0.959390
196	-0.959241
196	-0.955588
196	-0.955718
196	-0.955932
192	-0.956781
192	-0.957092
192	-0.955857
192	-0.954947
192	-0.955979
192	-0.954386
192	-0.951909
192	-0.955358
188	-0.955895
188	-0.959118
188	-0.959723
188	-0.958188
188	-0.955127
188	-0.951636
184	-0.956033
184	-0.961009
184	-0.961569
184	-0.960302
184	-0.958572
184	-0.956345
176	-0.950849
176	-0.945309
176	-0.948698
176	-0.950884
176	-0.950781
176	-0.946538
176	-0.947760
172	-0.952994
172	-0.954880
172	-0.955803
172	-0.956845
172	-0.955478
172	-0.953074
168	-0.961197
168	-0.964386
168	-0.963586
168	-0.964531
168	-0.963864
168	-0.965875
168	-0.972412
164	-0.971886
164	-0.972045
164	-0.971203
164	-0.969858
164	-0.965858
164	-0.964673
160	-0.960517
160	-0.962220
160	-0.965914
160	-0.961559
160	-0.958245
160	-0.955483
160	-0.956430
156	-0.956408
156	-0.958548
156	-0.956281
156	-0.955528
156	-0.953656
156	-0.951966
156	-0.950854
152	-0.947190
152	-0.949197
152	-0.951126
152	-0.953677
152	-0.951571
152	-0.951528
148	-0.951994
148	-0.956343
148	-0.958685
148	-0.962878
148	-0.966398
144	-0.971058
144	-0.972141
140	-0.975936
140	-0.975810
140	-0.973532
140	-0.969658
140	-0.966332
140	-0.961200
136	-0.958958
136	-0.962538
136	-0.971633
136	-0.978622
136	-0.993247
136	-1.023599
136	-1.060574
136	-1.114772
136	-1.150079
132	-1.089132
132	-0.992470
132	-0.885614
132	-0.829412
132	-0.779155
132	-0.760083
228	-0.809413
228	-0.861086
228	-0.894041
228	-0.899738
228	-0.886220
228	-0.856267
228	-0.811340
224	-0.790821
224	-0.777497
224	-0.777309
224	-0.780411
224	-0.790797
224	-0.815355
224	-0.849540
220	-0.859254
220	-0.846251
220	-0.840505
220	-0.832579
220	-0.823669
220	-0.810945
216	-0.808002
216	-0.809179
216	-0.806541
216	-0.805398
216	-0.802563
216	-0.799442
216	-0.793412
216	-0.779814
208	-0.814933
208	-0.816682
208	-0.821326
208	-0.822458
208	-0.821671
200	-0.815420
200	-0.808069
200	-0.804621
200	-0.795026
200	-0.783658
200	-0.775901
200	-0.765658
196	-0.761127
196	-0.749512
196	-0.740890
196	-0.734832
196	-0.729493
196	-0.728842
196	-0.730138
192	-0.734948
192	-0.738017
192	-0.738919
192	-0.743500
192	-0.750372
192	-0.762376
192	-0.778028
188	-0.789345
188	-0.797048
188	-0.794578
188	-0.782574
188	-0.770982
188	-0.775208
188	-0.800961
184	-0.806277
184	-0.801377
184	-0.793273
184	-0.790098
184	-0.797298
184	-0.808941
184	-0.818365
180	-0.819083
180	-0.820516
180	-0.826456
180	-0.833592
180	-0.842786
180	-0.851635
180	-0.863863
176	-0.868940
176	-0.871289
176	-0.871169
176	-0.873121
176	-0.877444
172	-0.872747
168	-0.871020
168	-0.871285
168	-0.873982
168	-0.876380
168	-0.878848
168	-0.880635
168	-0.880835
164	-0.880421
164	-0.880311
164	-0.882308
164	-0.883489
164	-0.883998
164	-0.884718
164	-0.888989
164	-0.895077
160	-0.899945
160	-0.897092
160	-0.882329
160	-0.862822
160	-0.853132
160	-0.883758
156	-0.910976
156	-0.930359
156	-0.920405
156	-0.902645
156	-0.896976
156	-0.909253
156	-0.920238
152	-0.922294
152	-0.912904
152	-0.910485
152	-0.912646
152	-0.918197
152	-0.919722
152	-0.919242
152	-0.920206
148	-0.928342
148	-0.933768
148	-0.933801
148	-0.936471
148	-0.935765
148	-0.936022
148	-0.935667
144	-0.938092
144	-0.938160
144	-0.935195
144	-0.931511
144	-0.926776
144	-0.926592
144	-0.925154
136	-0.923620
136	-0.923799
136	-0.923961
136	-0.967197
136	-1.005041
136	-0.993161
132	-0.975002
132	-0.994104
132	-1.035680
132	-1.082589
132	-1.099252
132	-1.110744
228	-1.135190
228	-1.154251
228	-1.156726
228	-1.141355
228	-1.130857
228	-1.142684
228	-1.115974
224	-1.075057
224	-1.041898
224	-1.040014
224	-1.047578
224	-1.060036
224	-1.074137
224	-1.114008
320	-1.149750
320	-1.163970
320	-1.148500
320	-1.101795
320	-1.083809
320	-1.064762
316	-1.062670
316	-1.071937
316	-1.072239
316	-1.073131
316	-1.074229
316	-1.079466
316	-1.092318
312	-1.091167
312	-1.087512
312	-1.075986
312	-1.066473
312	-1.068264
312	-1.074361
312	-1.077446
308	-1.079573
308	-1.079902
308	-1.078745
308	-1.078744
308	-1.082723
304	-1.075141
300	-1.080370
300	-1.078532
300	-1.073291
300	-1.058453
300	-1.060476
300	-1.063366
296	-1.073300
296	-1.075082
296	-1.069734
296	-1.055133
296	-1.057343
296	-1.064479
292	-1.071330
292	-1.064988
292	-1.058876
292	-1.054968
292	-1.056487
292	-1.059753
288	-1.055706
288	-1.042057
288	-1.041974
288	-1.046075
288	-1.046010
288	-1.041503
284	-1.040081
284	-1.037097
284	-1.032049
284	-1.029146
284	-1.039811
284	-1.045359
284	-1.043775
280	-1.039079
280	-1.037124
280	-1.037506
280	-1.041263
280	-1.041813
280	-1.038567
276	-1.039631
276	-1.049122
276	-1.047288
276	-1.042497
276	-1.046144
276	-1.048594
272	-1.044472
272	-1.043999
272	-1.044980
272	-1.045786
272	-1.045499
268	-1.041777
268	-1.035942
264	-1.038763
264	-1.040675
264	-1.037019
260	-1.033677
260	-1.030538
260	-1.028807
260	-1.029364
260	-1.029327
260	-1.030371
252	-1.028050
252	-1.024629
252	-1.019186
252	-1.017489
252	-1.018830
252	-1.022637
252	-1.022419
248	-1.021358
248	-1.020019
248	-1.019341
248	-1.017653
248	-1.012008
248	-1.011208
244	-1.008690
244	-1.007305
244	-1.005217
244	-1.003034
244	-0.998243
244	-0.995610
240	-0.995345
240	-0.996670
240	-0.998651
240	-1.000072
240	-0.999561
240	-0.994977
240	-0.995256
236	-0.995625
236	-0.992841
236	-0.989616
236	-0.985780
236	-0.991593
236	-0.996890
236	-0.996351
232	-0.994702
232	-0.999341
232	-1.000421
232	-1.005717
232	-1.007182
232	-1.004072
228	-0.999821
228	-1.001793
228	-1.009027
224	-1.000694
224	-1.000558
220	-1.002532
220	-1.001401
220	-1.001668
220	-1.001261
220	-1.000159
220	-0.997864
216	-1.000405
216	-1.004785
216	-1.004974
216	-1.005315
216	-1.005118
216	-1.008649
216	-1.012012
212	-1.016136
212	-1.021168
212	-1.019199
212	-1.013412
212	-1.010467
212	-1.010081
208	-1.008650
208	-1.014369
208	-1.012318
208	-1.006723
208	-1.006789
208	-1.007365
208	-1.004767
204	-1.004737
204	-1.006678
204	-1.010629
204	-1.011388
204	-1.013489
204	-1.014570
200	-1.018290
200	-1.021340
200	-1.018784
200	-1.018433
200	-1.019689
200	-1.019195
200	-1.020037
196	-1.022384
196	-1.021720
196	-1.023603
196	-1.024436
196	-1.023305
196	-1.020701
192	-1.020690
192	-1.022156
192	-1.020351
192	-1.013465
192	-1.005877
188	-0.993816
188	-0.989131
184	-0.988353
184	-0.990321
184	-0.992225
184	-0.986592
184	-0.976568
184	-0.976535
184	-0.980439
180	-0.983138
180	-0.979277
180	-0.976634
180	-0.976139
180	-0.979840
180	-0.980369
180	-0.980615
176	-0.979961
176	-0.976290
176	-0.975247
176	-0.970900
176	-0.969627
176	-0.965367
176	-0.968259
172	-0.966608
172	-0.961975
172	-0.954598
172	-0.954797
172	-0.955478
172	-0.956570
168	-0.960906
168	-0.962574
168	-0.961699
168	-0.962419
168	-0.962393
168	-0.961324
164	-0.961344
164	-0.959466
164	-0.962797
164	-0.966023
164	-0.962002
164	-0.963783
164	-0.971201
160	-0.978206
160	-0.974220
160	-0.966321
160	-0.966502
160	-0.974693
156	-0.974443
156	-0.968793
156	-0.965479
156	-0.966742
152	-0.971065
152	-0.971271
148	-0.966846
148	-0.965191
148	-0.963564
148	-0.970399
148	-0.972265
148	-0.969881
148	-0.969154
148	-0.974914
148	-0.984366
148	-0.983677
140	-0.976859
140	-0.975799
140	-0.973155
140	-0.976840
140	-0.979405
140	-0.977430
136	-0.977743
136	-0.978129
136	-0.975144
136	-0.976471
136	-0.982028
132	-1.001203
132	-1.039155
132	-1.076804
132	-1.088725
132	-1.042431
132	-0.980655
132	-0.900349
128	-0.792760
128	-0.713147
128	-0.704243
128	-0.734916
128	-0.774635
128	-0.787845
128	-0.772078
124	-0.746407
124	-0.716131
124	-0.703034
124	-0.709444
124	-0.751135
124	-0.812096
124	-0.819747
124	-0.794145
120	-0.776240
120	-0.753220
120	-0.726399
120	-0.703411
120	-0.724488
120	-0.771546
212	-0.767691
212	-0.778416
212	-0.792020
212	-0.812273
212	-0.778162
212	-0.717186
208	-0.738141
208	-0.749868
208	-0.751096
208	-0.758419
208	-0.772235
208	-0.784405
304	-0.792003
304	-0.787827
304	-0.784255
304	-0.781827
304	-0.781940
304	-0.784902
304	-0.784472
300	-0.782291
300	-0.786371
300	-0.790738
300	-0.798147
300	-0.801135
300	-0.791748
300	-0.788879
296	-0.801325
296	-0.809094
296	-0.816925
296	-0.815927
296	-0.803125
296	-0.793504
296	-0.795265
292	-0.798558
292	-0.804777
292	-0.803169
292	-0.796690
292	-0.787372
292	-0.786941
288	-0.811587
288	-0.815888
288	-0.814832
288	-0.801825
288	-0.800622
288	-0.798793
288	-0.809909
284	-0.818943
284	-0.826320
284	-0.828012
284	-0.830356
284	-0.831250
276	-0.850372
276	-0.851129
276	-0.850155
276	-0.847804
276	-0.853668
276	-0.857791
272	-0.857689
272	-0.863081
272	-0.863579
272	-0.860085
272	-0.861643
268	-0.863845
268	-0.865452
268	-0.869279
268	-0.870011
268	-0.876546
268	-0.874757
264	-0.871708
264	-0.867633
264	-0.868116
264	-0.876814
264	-0.885498
264	-0.884951
264	-0.873475
260	-0.871652
260	-0.897892
260	-0.943118
260	-0.970048
260	-0.987156
260	-0.981645
260	-0.974195
256	-0.969197
256	-0.964916
256	-0.961436
256	-0.952263
256	-0.945956
256	-0.945839
256	-0.950994
252	-0.957393
252	-0.962320
252	-0.960712
252	-0.956939
252	-0.955789
252	-0.954617
248	-0.951074
248	-0.950939
248	-0.949277
248	-0.954501
248	-0.960224
248	-0.957237
248	-0.952316
240	-0.946923
240	-0.945885
240	-0.954962
240	-0.959818
236	-0.952794
236	-0.949719
236	-0.954608
236	-0.956322
236	-0.955760
236	-0.953184
236	-0.950385
232	-0.954469
232	-0.961055
232	-0.959633
232	-0.947210
232	-0.947006
232	-0.954396
228	-0.959178
228	-0.955564
228	-0.949349
228	-0.944767
228	-0.948207
228	-0.958247
224	-0.956037
224	-0.951473
224	-0.951222
224	-0.952153
224	-0.947407
224	-0.933501
224	-0.894814
224	-0.866330
216	-0.836690
216	-0.810683
216	-0.798323
216	-0.791079
216	-0.794223
216	-0.801633
216	-0.801441
212	-0.799473
212	-0.795876
212	-0.795097
212	-0.794258
212	-0.793658
212	-0.792615
212	-0.792201
208	-0.796580
208	-0.801668
208	-0.801615
208	-0.805574
208	-0.804923
204	-0.822261
200	-0.825008
192	-0.812900
192	-0.808030
192	-0.805890
192	-0.804813
192	-0.805787
192	-0.806088
192	-0.807305
188	-0.807801
188	-0.800970
188	-0.794431
188	-0.790773
188	-0.795804
188	-0.793945
184	-0.790806
184	-0.791114
184	-0.789925
184	-0.788966
184	-0.787421
184	-0.786236
184	-0.782236
180	-0.782004
180	-0.782037
180	-0.781478
180	-0.784378
180	-0.785475
180	-0.785229
180	-0.785681
176	-0.790711
176	-0.792516
176	-0.793642
176	-0.792092
176	-0.793334
176	-0.795748
172	-0.798016
172	-0.797973
172	-0.805378
172	-0.802799
168	-0.800766
168	-0.796104
168	-0.796746
168	-0.800882
164	-0.801607
164	-0.803505
164	-0.801932
164	-0.800617
160	-0.798145
160	-0.798237
160	-0.801095
160	-0.803816
160	-0.799511
160	-0.799218
152	-0.797878
152	-0.799373
152	-0.803253
152	-0.811017
152	-0.803796
148	-0.795408
148	-0.794405
148	-0.811348
144	-0.807037
144	-0.810604
144	-0.808211
144	-0.809769
140	-0.807714
140	-0.810055
140	-0.799260
136	-0.805604
132	-0.803972
132	-0.801298
132	-0.809595
132	-0.812023
132	-0.813775
128	-0.824896
128	-0.833267
128	-0.834243
128	-0.833951
124	-0.834707
124	-0.833745
124	-0.835969
124	-0.834777
124	-0.838996
120	-0.844418
120	-0.842194
120	-0.842991
120	-0.862543
116	-0.863880
116	-0.861059
116	-0.864606
116	-0.870125
116	-0.871741
112	-0.870434
112	-0.870133
112	-0.870675
112	-0.875854
112	-0.872496
108	-0.862711
108	-0.864249
108	-0.861923
108	-0.865260
104	-0.861227
104	-0.856274
104	-0.853139
96	-0.854070
96	-0.856924
96	-0.857757
96	-0.860266
92	-0.866076
92	-0.872595
92	-0.875390
92	-0.869817
84	-0.881656
84	-0.885586
84	-0.885450
84	-0.884988
84	-0.885746
84	-0.885354
80	-0.887163
80	-0.890515
80	-0.892306
80	-0.890592
80	-0.888377
80	-0.892541
76	-0.897019
76	-0.902593
76	-0.899438
76	-0.898500
76	-0.901211
76	-0.901516
72	-0.900862
72	-0.899651
72	-0.897759
72	-0.895137
72	-0.893688
68	-0.894737
68	-0.899116
68	-0.898907
68	-0.900816
68	-0.902590
68	-0.902324
64	-0.903216
64	-0.906296
64	-0.901636
64	-0.894877
64	-0.892558
64	-0.889563
60	-0.886902
60	-0.885851
60	-0.890889
60	-0.895684
60	-0.898014
60	-0.897603
56	-0.899675
56	-0.896225
48	-0.886023
48	-0.896806
48	-0.900473
48	-0.902255
48	-0.902613
44	-0.902041
44	-0.906076
44	-0.907885
44	-0.902942
44	-0.895417
44	-0.889192
40	-0.887916
40	-0.888941
40	-0.893335
40	-0.895531
40	-0.897846
36	-0.897055
36	-0.903142
36	-0.901178
36	-0.897690
36	-0.898724
32	-0.903329
32	-0.904095
32	-0.906096
32	-0.913665
32	-0.919362
32	-0.919534
28	-0.917565
28	-0.911914
28	-0.915280
28	-0.918374
28	-0.919485
24	-0.914548
24	-0.914893
24	-0.913930
24	-0.913638
24	-0.909902
20	-0.910779
20	-0.912910
20	-0.914830
20	-0.914613
20	-0.912628
16	-0.912293
16	-0.910438
16	-0.911729
16	-0.913829
16	-0.913773
16	-0.912231
12	-0.910556
12	-0.910495
12	-0.911925
8	-0.896483
8	-0.894034
8	-0.894848
4	-0.889171
4	-0.879439
4	-0.873837
4	-0.870425
4	-0.867540
4	-0.862662
0	-0.859001
0	-0.859881
0	-0.866096
0	-0.873461
0	-0.876456
0	-0.877543
0	-0.880306
0	-0.882412
0	-0.880798
0	-0.875923
0	-0.871779
0	-0.866970
0	-0.862598
0	-0.865273
0	-0.868246
0	-0.873022
0	-0.870388
0	-0.872234
0	-0.869898
0	-0.868135
0	-0.867940
0	-0.866440
0	-0.863322
0	-0.860447
0	-0.859378
0	-0.860315
0	-0.861780
0	-0.862908
0	-0.865360
0	-0.864512
0	-0.862813
0	-0.859181
0	-0.857552
0	-0.852592
0	-0.855965
0	-0.856032
0	-0.854479
0	-0.853248
0	-0.853551
0	-0.852134
0	-0.850170
0	-0.848102
0	-0.844310
0	-0.840905
0	-0.844313
0	-0.848384
0	-0.853973
0	-0.853709
0	-0.856348
0	-0.857839
0	-0.847895
0	-0.841667
0	-0.843178
0	-0.836867
0	-0.824537
0	-0.823834
0	-0.836149
0	-0.840505
0	-0.843591
0	-0.846291
0	-0.849969
0	-0.849556
0	-0.849863
0	-0.850414
0	-0.851188
0	-0.851680
0	-0.851874
0	-0.846493
0	-0.842076
0	-0.842395
0	-0.845400
0	-0.851539
0	-0.858281
0	-0.866235
0	-0.865581
0	-0.863834
0	-0.860560
0	-0.859283
0	-0.853443
0	-0.854225
0	-0.855492
0	-0.851812
0	-0.846973
0	-0.847202
0	-0.842163
0	-0.839764
0	-0.840536
0	-0.839028
0	-0.838391
0	-0.834581
0	-0.829861
0	-0.833065
0	-0.827421
0	-0.823005
0	-0.827984
0	-0.831586
0	-0.832428
0	-0.832706
0	-0.834032
0	-0.833560
0	-0.833066
0	-0.830254
0	-0.831894
0	-0.832626
0	-0.834439
0	-0.834295
0	-0.836583
0	-0.836150
0	-0.831118
0	-0.830649
0	-0.831080
0	-0.831881
0	-0.832888
0	-0.835326
0	-0.835687
0	-0.837162
0	-0.839274
0	-0.841633
0	-0.842399
0	-0.846127
0	-0.852476
0	-0.872721
0	-0.875641
0	-0.872433
0	-0.874457
0	-0.876776
0	-0.876074
0	-0.873876
0	-0.873158
0	-0.874009
0	-0.872484
0	-0.873033
0	-0.870281
0	-0.871096
0	-0.869304
0	-0.865190
0	-0.862084
0	-0.863422
0	-0.867226
0	-0.873104
0	-0.872921
0	-0.871990
0	-0.869680
0	-0.870512
0	-0.869796
0	-0.868068
0	-0.868621
0	-0.868367
0	-0.871177
0	-0.872287
0	-0.871791
0	-0.870628
0	-0.869700
0	-0.874084
0	-0.873954
0	-0.868724
0	-0.866266
0	-0.870462
0	-0.872863
0	-0.867442
0	-0.863430
0	-0.867542
0	-0.876499
0	-0.881086
0	-0.880012
0	-0.878767
0	-0.881199
0	-0.885141
0	-0.886920
0	-0.889037
0	-0.886763
0	-0.881968
0	-0.882426
0	-0.889868
0	-0.892099
0	-0.894999
0	-0.903715
0	-0.908168
0	-0.913447
0	-0.913901
0	-0.911711
0	-0.912625
0	-0.911274
0	-0.912864
0	-0.915073
0	-0.917211
0	-0.919985
0	-0.923778
0	-0.922928
0	-0.920824
0	-0.919036
0	-0.918568
0	-0.917010
0	-0.913843
0	-0.914217
0	-0.916379
0	-0.931002
0	-0.945759
0	-0.955177
0	-0.952472
0	-0.952255
0	-0.954491
0	-0.952433
0	-0.945252
0	-0.939473
0	-0.937721
0	-0.933208
0	-0.931014
0	-0.931224
0	-0.930697
0	-0.932490
0	-0.932736
0	-0.928593
0	-0.926354
0	-0.924442
0	-0.924695
0	-0.922251
0	-0.919297
0	-0.916008
0	-0.921747
0	-0.923559
0	-0.926951
0	-0.928742
0	-0.928850
0	-0.929544
0	-0.932492
0	-0.936311
0	-0.937219
0	-0.938344
0	-0.937690
0	-0.935450
0	-0.934304
0	-0.943910
0	-0.949017
0	-0.948132
0	-0.940456
0	-0.938058
0	-0.934878
0	-0.932575
0	-0.933867
0	-0.935579
0	-0.927841
0	-0.920009
0	-0.917766
0	-0.920078
0	-0.923019
0	-0.918695
0	-0.936402
0	-0.929934
0	-0.922834
0	-0.925534
0	-0.933311
0	-0.938796
0	-0.937901
0	-0.924949
0	-0.922657
0	-0.925171
0	-0.926350
0	-0.926670
0	-0.931851
0	-0.932125
0	-0.933378
0	-0.938301
0	-0.939939
0	-0.937943
0	-0.940874
0	-0.939731
0	-0.936508
0	-0.932986
0	-0.933680
0	-0.936492
0	-0.938767
0	-0.941659
0	-0.945492
0	-0.941855
0	-0.942486
0	-0.946306
0	-0.947939
0	-0.946414
0	-0.945728
0	-0.948263
0	-0.946625
0	-0.946467
0	-0.956683
0	-0.957738
0	-0.957404
0	-0.958747
0	-0.965892
0	-0.968837
0	-0.969557
0	-0.968106
0	-0.970136
0	-0.971654
0	-0.977468
0	-0.982711
0	-0.984446
0	-0.985491
0	-0.987406
0	-0.989080
0	-1.004967
0	-0.997719
0	-0.996152
0	-0.994925
0	-0.994652
0	-0.994946
0	-0.985497
0	-0.983950
0	-0.989207
0	-0.995453
0	-0.999125
0	-1.002138
0	-1.006192
0	-1.005957
0	-1.003445
0	-0.995951
0	-0.998400
0	-1.001465
0	-1.002532
0	-1.002698
0	-1.000227
0	-0.991795
0	-0.989130
0	-0.989675
0	-0.990757
0	-0.993887
0	-0.993788
0	-0.994609
0	-1.001038
0	-1.011039
0	-1.012869
0	-1.013385
0	-1.017353
0	-1.026976
0	-1.029715
0	-1.027428
0	-1.028404
0	-1.032505
0	-1.035470
0	-1.038010
0	-1.033983
0	-1.027964
0	-1.031311
0	-1.036511
0	-1.039583
0	-1.039097
0	-1.034005
0	-1.034232
0	-1.037389
0	-1.043196
0	-1.045300
0	-1.043595
0	-1.053640
0	-1.050825
0	-1.024240
0	-1.011209
0	-0.999301
0	-0.998219
0	-1.013355
0	-1.018533
0	-1.016965
0	-1.013052
0	-1.007997
0	-1.005378
0	-1.003889
0	-1.004454
0	-1.007494
0	-1.009027
0	-1.014719
0	-0.996744
0	-0.992537
0	-0.991698
0	-0.994853
0	-0.992045
0	-0.989031
0	-0.986859
0	-0.987645
0	-0.992884
0	-0.992726
0	-1.000237
0	-1.006164
0	-1.004333
0	-1.003942
0	-1.006055
0	-1.010349
0	-1.008136
0	-1.004274
0	-1.003735
0	-1.000499
0	-1.002155
0	-1.018205
0	-1.015236
0	-1.011589
0	-1.010508
0	-1.011381
0	-1.014413
0	-1.018267
0	-1.022301
0	-1.029064
0	-1.031887
0	-1.030834
0	-1.028269
0	-1.044275
0	-1.043512
0	-1.043846
0	-1.045873
0	-1.052923
0	-1.048927
0	-1.044661
0	-1.040356
0	-1.046393
0	-1.053786
0	-1.060289
0	-1.057381
0	-1.060496
0	-1.063886
0	-1.060313
0	-1.060891
0	-1.059219
0	-1.058209
0	-1.061811
0	-1.062031
0	-1.063256
0	-1.063525
0	-1.060374
0	-1.054884
0	-1.058439
0	-1.057423
0	-1.058071
0	-1.058454
0	-1.056904
0	-1.053306
0	-1.052925
0	-1.057951
0	-1.063055
0	-1.068896
0	-1.071105
0	-1.067051
0	-1.063427
0	-1.065673
0	-1.069176
0	-1.069713
0	-1.066987
0	-1.065388
0	-1.060297
0	-1.060417
0	-1.064964
0	-1.067965
0	-1.066795
0	-1.067470
0	-1.065851
0	-1.064000
0	-1.062324
0	-1.062525
0	-1.066287
0	-1.082980
0	-1.115769
0	-1.158193
0	-1.220813
0	-1.312064
0	-1.375569
0	-1.433809
0	-1.473230
0	-1.478721
0	-1.465453
0	-1.453856
0	-1.440531
0	-1.440953
0	-1.451244
0	-1.456097
0	-1.450698
0	-1.450733
0	-1.453245
0	-1.452539
0	-1.450997
0	-1.451974
0	-1.452396
0	-1.455119
0	-1.452510
0	-1.447115
0	-1.445476
0	-1.449088
0	-1.460259
0	-1.467424
0	-1.466912
0	-1.461897
0	-1.454239
0	-1.448366
0	-1.443049
0	-1.452397
0	-1.460050
0	-1.465888
0	-1.460089
0	-1.451472
0	-1.443925
0	-1.435551
0	-1.432483
0	-1.433353
0	-1.432177
0	-1.423542
0	-1.417958
0	-1.415035
0	-1.414275
0	-1.406686
0	-1.223547
0	-1.205302
0	-1.185482
0	-1.182699
0	-1.189077
0	-1.190243
0	-1.190233
0	-1.179632
0	-1.173809
0	-1.178366
0	-1.180602
0	-1.184826
0	-1.176943
0	-1.174315
0	-1.171589
0	-1.173696
0	-1.178135
0	-1.184003
0	-1.182684
0	-1.177550
0	-1.175923
0	-1.178243
0	-1.184934
0	-1.194820
0	-1.199385
0	-1.201372
0	-1.199954
0	-1.199609
0	-1.200558
0	-1.198591
0	-1.197300
0	-1.195955
0	-1.196786
0	-1.199469
0	-1.200562
0	-1.195838
0	-1.192347
0	-1.195536
0	-1.196783
0	-1.200738
0	-1.203648
0	-1.203147
0	-1.199873
0	-1.198945
0	-1.201230
0	-1.196389
0	-1.197205
0	-1.202068
0	-1.206854
0	-1.205015
0	-1.206501
0	-1.202248
0	-1.196753
0	-1.201910
0	-1.199637
0	-1.194292
0	-1.186135
0	-1.184436
0	-1.185980
0	-1.188202
0	-1.182652
0	-1.181645
0	-1.180432
0	-1.182219
0	-1.184159
0	-1.181916
0	-1.177563
0	-1.177789
0	-1.180920
0	-1.182047
0	-1.183445
0	-1.188577
0	-1.190443
0	-1.190102
0	-1.188748
0	-1.180794
0	-1.181156
0	-1.182560
0	-1.179888
0	-1.177367
0	-1.179041
0	-1.179064
0	-1.182126
0	-1.178561
0	-1.180186
0	-1.183591
0	-1.186138
0	-1.186614
0	-1.185276
0	-1.185495
0	-1.185401
0	-1.187638
0	-1.191077
0	-1.191171
0	-1.188271
0	-1.190717
0	-1.194291
0	-1.202971
0	-1.195700
0	-1.188182
0	-1.180824
0	-1.173333
0	-1.174147
0	-1.167319
0	-1.160489
0	-1.160282
0	-1.169441
0	-1.173745
0	-1.175011
0	-1.173946
0	-1.173320
0	-1.180267
0	-1.181110
0	-1.180082
0	-1.182165
0	-1.183920
0	-1.186375
0	-1.177606
0	-1.177170
0	-1.178761
0	-1.177042
0	-1.172626
0	-1.167901
0	-1.169177
0	-1.167447
0	-1.168980
0	-1.169866
0	-1.175164
0	-1.180596
0	-1.180119
0	-1.178742
0	-1.177440
0	-1.176678
0	-1.176734
0	-1.175485
0	-1.173948
0	-1.175700
0	-1.178037
0	-1.178554
0	-1.178602
0	-1.177382
0	-1.176744
0	-1.176837
0	-1.172650
0	-1.173817
0	-1.176621
0	-1.181451
0	-1.184586
0	-1.185786
0	-1.186687
0	-1.186517
0	-1.186535
0	-1.189283
0	-1.192520
0	-1.182188
0	-1.177524
0	-1.176868
0	-1.178938
0	-1.181490
0	-1.182932
0	-1.184512
0	-1.187101
0	-1.186913
0	-1.187393
0	-1.189843
0	-1.192596
0	-1.195639
0	-1.196525
0	-1.195527
0	-1.195339
0	-1.194974
0	-1.194394
0	-1.195222
0	-1.197242
0	-1.199167
0	-1.205210
0	-1.211868
0	-1.220029
0	-1.217100
0	-1.211275
0	-1.206512
0	-1.208275
0	-1.205840
0	-1.201397
0	-1.190070
0	-1.182321
0	-1.180948
0	-1.181886
0	-1.186046
0	-1.181807
0	-1.180233
0	-1.185475
0	-1.184957
0	-1.187817
0	-1.192001
0	-1.188298
0	-1.188855
0	-1.195022
0	-1.190021
0	-1.187895
0	-1.187542
0	-1.187058
0	-1.184097
0	-1.182869
0	-1.178872
0	-1.177390
0	-1.176242
0	-1.179591
0	-1.179524
0	-1.176633
0	-1.174082
0	-1.170973
0	-1.166936
0	-1.166062
0	-1.161122
0	-1.159973
0	-1.161236
0	-1.168292
0	-1.170395
0	-1.164743
0	-1.162571
0	-1.166328
0	-1.168804
0	-1.170877
0	-1.175470
0	-1.178649
0	-1.171097
0	-1.170809
0	-1.174349
0	-1.172694
0	-1.171658
0	-1.172080
0	-1.174410
0	-1.175996
0	-1.179293
0	-1.181900
0	-1.182298
0	-1.181745
0	-1.181055
0	-1.181795
0	-1.184361
0	-1.190846
0	-1.192433
0	-1.193512
0	-1.194726
0	-1.196453
0	-1.197260
0	-1.198116
0	-1.199273
0	-1.201941
0	-1.200674
0	-1.202432
0	-1.203093
0	-1.206152
0	-1.210090
0	-1.218487
0	-1.228049
0	-1.229530
0	-1.233710
0	-1.236984
0	-1.240642
0	-1.240542
0	-1.237293
0	-1.240320
0	-1.241427
0	-1.241683
0	-1.240624
0	-1.237374
0	-1.233302
0	-1.229855
0	-1.233059
0	-1.237727
0	-1.238224
0	-1.236103
0	-1.234694
0	-1.232093
0	-1.235282
0	-1.238923
0	-1.238851
0	-1.235289
0	-1.229975
0	-1.226664
0	-1.228585
0	-1.232414
0	-1.230186
0	-1.226123
0	-1.230099
0	-1.226334
0	-1.220079
0	-1.217695
0	-1.214644
0	-1.209988
0	-1.210134
0	-1.214528
0	-1.225554
0	-1.225446
0	-1.221779
0	-1.220139
0	-1.218169
0	-1.219882
0	-1.218899
0	-1.213196
0	-1.214234
0	-1.217692
0	-1.220318
0	-1.219246
0	-1.218658
0	-1.214696
0	-1.215607
0	-1.218035
0	-1.221675
0	-1.226973
0	-1.229492
0	-1.229465
0	-1.228291
0	-1.229984
0	-1.237393
0	-1.242163
0	-1.247049
0	-1.242550
0	-1.240159
0	-1.238264
0	-1.236408
0	-1.232624
0	-1.226390
0	-1.221395
0	-1.218966
0	-1.213648
0	-1.208932
0	-1.205786
0	-1.204333
0	-1.204759
0	-1.200629
0	-1.214319
0	-1.211572
0	-1.208804
0	-1.212189
0	-1.219823
0	-1.223521
0	-1.223080
0	-1.225528
0	-1.232317
0	-1.238276
0	-1.238665
0	-1.251668
0	-1.254443
0	-1.250568
0	-1.252529
0	-1.250269
0	-1.250324
0	-1.251796
0	-1.255295
0	-1.257326
0	-1.258865
0	-1.259535
0	-1.247691
0	-1.242050
0	-1.243345
0	-1.233299
0	-1.218837
0	-1.213017
0	-1.211840
0	-1.215123
0	-1.217103
0	-1.218807
0	-1.215587
0	-1.213920
0	-1.212918
0	-1.213388
0	-1.214615
0	-1.215577
0	-1.215800
0	-1.215392
0	-1.218601
0	-1.217267
0	-1.210179
0	-1.205624
0	-1.205915
0	-1.212002
0	-1.209342
0	-1.207405
0	-1.211541
0	-1.211416
0	-1.210029
0	-1.204970
0	-1.200205
0	-1.190875
0	-1.205882
0	-1.218061
0	-1.219834
0	-1.210305
0	-1.208036
0	-1.214680
0	-1.222228
0	-1.230120
0	-1.239304
0	-1.241690
0	-1.235770
0	-1.230667
0	-1.233912
0	-1.242063
0	-1.248438
0	-1.265613
0	-1.278574
0	-1.276559
0	-1.265682
0	-1.265049
0	-1.271282
0	-1.276865
0	-1.301618
0	-1.364823
0	-1.364094
0	-1.357470
0	-1.348997
0	-1.340010
0	-1.330214
0	-1.320895
0	-1.316823
0	-1.312533
0	-1.305628
0	-1.297134
0	-1.283798
0	-1.275036
0	-1.269695
0	-1.275065
0	-1.269325
0	-1.259570
0	-1.259652
0	-1.256345
0	-1.247583
0	-1.241189
0	-1.241880
0	-1.193921
0	-1.181127
0	-1.163413
0	-1.159747
0	-1.165510
0	-1.167245
0	-1.168572
0	-1.171684
0	-1.171968
0	-1.172855
0	-1.179697
0	-1.178368
0	-1.179724
0	-1.180325
0	-1.183719
0	-1.179712
0	-1.179476
0	-1.181185
0	-1.183277
0	-1.179646
0	-1.176299
0	-1.174322
0	-1.172055
0	-1.171819
0	-1.178551
0	-1.185437
0	-1.188285
0	-1.191129
0	-1.191465
0	-1.204820
0	-1.215661
0	-1.217562
0	-1.217515
0	-1.214796
0	-1.213350
0	-1.210808
0	-1.209608
0	-1.207125
0	-1.204315
0	-1.204305
0	-1.204219
0	-1.202242
0	-1.198095
0	-1.193404
0	-1.190633
0	-1.194391
0	-1.196920
0	-1.200904
0	-1.199144
0	-1.191086
0	-1.183957
0	-1.187761
0	-1.185686
0	-1.183663
0	-1.192106
0	-1.193030
0	-1.194721
0	-1.192603
0	-1.192582
0	-1.192153
0	-1.192380
0	-1.195368
0	-1.194967
0	-1.192901
0	-1.194238
0	-1.197903
0	-1.193520
0	-1.196032
0	-1.196004
0	-1.194833
0	-1.192396
0	-1.184921
0	-1.182165
0	-1.181294
0	-1.180722
0	-1.181194
0	-1.181138
0	-1.181215
0	-1.185186
0	-1.184176
0	-1.201941
0	-1.202106
0	-1.203014
0	-1.198114
0	-1.190175
0	-1.190810
0	-1.192658
0	-1.195421
0	-1.198049
0	-1.198199
0	-1.195514
0	-1.197624
0	-1.199135
0	-1.197779
0	-1.192784
0	-1.186518
0	-1.183552
0	-1.182082
0	-1.186450
0	-1.191533
0	-1.191310
0	-1.191955
0	-1.190045
0	-1.193371
0	-1.193953
0	-1.195623
0	-1.191858
0	-1.182793
0	-1.186935
0	-1.191925
0	-1.195483
0	-1.195006
0	-1.187587
0	-1.186761
0	-1.187045
0	-1.186298
0	-1.184548
0	-1.178397
0	-1.171148
0	-1.176173
0	-1.179619
0	-1.183350
0	-1.183743
0	-1.185127
0	-1.188845
0	-1.189103
0	-1.189396
0	-1.183102
0	-1.179202
0	-1.179185
0	-1.177964
0	-1.179024
0	-1.199571
0	-1.201302
0	-1.197826
0	-1.195101
0	-1.196024
0	-1.199290
0	-1.201353
0	-1.203194
0	-1.203246
0	-1.207853
0	-1.209905
0	-1.211822
0	-1.213454
0	-1.210582
0	-1.206828
0	-1.212843
0	-1.221008
0	-1.222772
0	-1.219935
0	-1.214850
0	-1.211564
0	-1.212670
0	-1.213647
0	-1.208851
0	-1.205310
0	-1.207427
0	-1.206047
0	-1.206001
0	-1.204937
0	-1.201490
0	-1.199028
0	-1.198069
0	-1.196022
0	-1.194658
0	-1.194431
0	-1.200819
0	-1.204372
0	-1.201878
0	-1.197606
0	-1.193895
0	-1.192340
0	-1.194828
0	-1.198229
0	-1.197709
0	-1.196301
0	-1.195377
0	-1.196141
0	-1.193489
0	-1.188864
0	-1.181456
0	-1.175449
0	-1.176099
0	-1.175216
0	-1.176616
0	-1.179243
0	-1.180983
0	-1.179947
0	-1.170521
0	-1.165692
0	-1.165422
0	-1.167921
0	-1.168151
0	-1.169022
0	-1.169056
0	-1.168657
0	-1.170662
0	-1.172847
0	-1.172066
0	-1.172572
0	-1.175720
0	-1.178334
0	-1.181640
0	-1.182526
0	-1.182582
0	-1.181170
0	-1.180928
0	-1.183726
0	-1.186082
0	-1.185059
0	-1.188208
0	-1.189069
0	-1.186723
0	-1.182882
0	-1.186374
0	-1.190434
0	-1.193290
0	-1.192756
0	-1.194207
0	-1.193241
0	-1.193437
0	-1.198430
0	-1.200357
0	-1.199704
0	-1.199482
0	-1.198149
0	-1.203165
0	-1.204300
0	-1.210818
0	-1.214613
0	-1.215191
0	-1.214667
0	-1.217747
0	-1.217190
0	-1.216371
0	-1.214569
0	-1.216140
0	-1.217801
0	-1.218555
0	-1.214956
0	-1.213216
0	-1.215862
0	-1.214170
0	-1.208629
0	-1.204912
0	-1.207380
0	-1.212098
0	-1.209424
0	-1.207218
0	-1.205944
0	-1.204313
0	-1.205178
0	-1.209270
0	-1.212165
0	-1.214104
0	-1.214951
0	-1.217319
0	-1.220143
0	-1.225454
0	-1.225991
0	-1.224121
0	-1.226432
0	-1.231050
0	-1.235830
0	-1.237033
0	-1.235968
0	-1.238184
0	-1.239728
0	-1.236396
0	-1.235259
0	-1.231692
0	-1.229909
0	-1.230749
0	-1.232614
0	-1.233186
0	-1.230594
0	-1.227972
0	-1.229124
0	-1.232717
0	-1.237417
0	-1.239745
0	-1.238570
0	-1.241924
0	-1.245456
0	-1.236587
0	-1.233942
0	-1.232846
0	-1.233894
0	-1.234450
0	-1.232458
0	-1.232673
0	-1.233067
0	-1.231741
0	-1.232849
0	-1.235027
0	-1.236905
0	-1.237981
0	-1.239050
0	-1.242224
0	-1.242945
0	-1.244137
0	-1.241187
0	-1.240917
0	-1.241037
0	-1.242237
0	-1.245214
0	-1.242748
0	-1.241300
0	-1.244055
0	-1.247433
0	-1.251140
0	-1.250008
0	-1.251586
0	-1.252527
0	-1.251342
0	-1.248234
0	-1.254883
0	-1.258619
0	-1.260164
0	-1.257561
0	-1.255023
0	-1.260262
0	-1.275627
0	-1.280439
0	-1.280144
0	-1.277456
0	-1.277854
0	-1.276936
0	-1.282483
0	-1.283630
0	-1.278387
0	-1.281259
0	-1.279659
0	-1.276598
0	-1.280225
0	-1.297453
0	-1.297082
0	-1.298786
0	-1.302558
0	-1.303757
0	-1.304755
0	-1.305802
0	-1.307182
0	-1.306937
0	-1.309539
0	-1.311172
0	-1.312280
0	-1.313364
0	-1.312419
0	-1.314673
0	-1.317842
0	-1.323179
0	-1.324471
0	-1.326347
0	-1.327988
0	-1.336020
0	-1.351318
0	-1.359864
0	-1.361011
0	-1.360638
0	-1.359618
0	-1.361465
0	-1.365415
0	-1.367022
0	-1.357882
0	-1.347040
0	-1.335019
0	-1.341591
0	-1.359765
0	-1.379506
0	-1.408978
0	-1.431213
0	-1.438728
0	-1.435911
0	-1.431356
0	-1.431328
0	-1.431275
0	-1.431529
0	-1.428723
0	-1.423818
0	-1.414205
0	-1.401349
0	-1.390985
0	-1.383198
0	-1.379683
0	-1.384566
0	-1.387084
